// Jest Snapshot v1, https://goo.gl/fbAQLP

exports[`ArticleList render correctly 1`] = `ShallowWrapper {}`;
